Running as unit: runnel-matrix-329790-5.scope; invocation ID: fa17bd5e4f744bd88b3d27638677588d
{
  "schema_version": 2,
  "run_id": "20260929153028952193",
  "started_at": "2026-09-29T15:30:28.952193+00:00",
  "command": [
    "<WORKTREE>/scripts/benchmarks/cluster.py",
    "--binary",
    "$CARGO_TARGET_DIR/release/runnel",
    "--runtime",
    "process",
    "--image",
    "runnel:bench",
    "--cpus",
    "2",
    "--memory",
    "2g",
    "--messages",
    "1000",
    "--warmup",
    "50",
    "--nodes",
    "3",
    "--concurrency",
    "2",
    "--scenarios",
    "slow_consumer_backpressure",
    "--ack-timeout-ms",
    "30000",
    "--slow-consumer-delay-ms",
    "10",
    "--slow-consumer-timeout-seconds",
    "60.0",
    "--batch-size",
    "32",
    "--retained-messages",
    "2048",
    "--peer-forwarding-concurrency",
    "2",
    "--peer-response-delay-ms",
    "0",
    "--peer-forwarding-timeout-seconds",
    "60.0",
    "--leader-failure-timeout-seconds",
    "60.0",
    "--payload-sizes",
    "1024",
    "--output",
    "docs/research/artifacts/slow-consumer-baseline-2026-09-29/cases/case-005-slow-consumer-backpressure-process-payload-1024-c2-delay-10-retained-2048-r2/result.json",
    "--log-dir",
    "docs/research/artifacts/slow-consumer-baseline-2026-09-29/cases/case-005-slow-consumer-backpressure-process-payload-1024-c2-delay-10-retained-2048-r2/broker-logs"
  ],
  "source": {
    "repository": "local",
    "revision": "93573fae6f8c9244704d34add167540fc46b31c6",
    "ref": "local",
    "event": "local",
    "workflow": "local",
    "run_id": null,
    "run_url": null,
    "profile": "local"
  },
  "environment": {
    "host": "rkth-precision5570",
    "platform": "Linux-7.0.0-34-generic-x86_64-with-glibc2.43",
    "processor": "",
    "python": "3.14.4",
    "cpus": 20
  },
  "benchmark_suite": "cluster",
  "comparison_mode": "cluster-baseline",
  "resource_limits": {
    "processes": "systemd user scope; benchmark client and broker nodes",
    "cpu": "2",
    "memory": "2G"
  },
  "workload": {
    "messages": 1000,
    "warmup": 50,
    "concurrency": 2,
    "scenarios": [
      "slow_consumer_backpressure"
    ],
    "nodes": 3,
    "ack_timeout_ms": 30000,
    "slow_consumer_delay_ms": 10,
    "slow_consumer_timeout_seconds": 60.0,
    "batch_size": 32,
    "hot_ordering": {
      "hot_key_messages": 64,
      "cold_key_count": 4,
      "cold_messages_per_key": 8,
      "concurrency": 4,
      "hot_key_processing_delay_ms": 5,
      "timeout_seconds": 60.0,
      "max_records": 4096
    },
    "peer_forwarding_concurrency": 2,
    "peer_response_delay_ms": 0,
    "peer_forwarding_timeout_seconds": 60.0,
    "leader_failure_timeout_seconds": 60.0,
    "payload_sizes_bytes": [
      1024
    ],
    "runtime": "process",
    "protocol": "line-delimited JSON with UTF-8 string payloads",
    "protocol_version": "provisional-line-json-v1",
    "payload_encoding": "utf-8",
    "compression": "none",
    "durability": "committed by the current three-node Raft quorum and local durable state"
  },
  "backends": {
    "runnel-cluster": {
      "image": "$CARGO_TARGET_DIR/release/runnel",
      "image_id": null,
      "runtime": "process",
      "acknowledgement": "durable quorum commit",
      "replication": "3-node static Multi-Raft",
      "measurement_boundary": "public line-delimited JSON protocol",
      "measurement_client": "scripts/benchmarks/cluster.py",
      "client_image": "host Python runtime",
      "peer_response_proxy": {
        "enabled": false,
        "response_delay_ms": 0
      },
      "startup_seconds": 0.006806894,
      "resource_samples": {
        "samples": 161,
        "memory_bytes_avg": 194739308.1242236,
        "memory_bytes_max": 214478848.0,
        "storage_bytes_avg": 34982239.652173914,
        "storage_bytes_max": 39265637.0,
        "per_node": {
          "1": {
            "samples": 161,
            "memory_bytes_avg": 65795320.04968944,
            "memory_bytes_max": 75395072.0,
            "storage_bytes_avg": 11630247.875776397,
            "storage_bytes_max": 12598391.0,
            "cpu_seconds": 5.66
          },
          "2": {
            "samples": 161,
            "memory_bytes_avg": 67198670.70807454,
            "memory_bytes_max": 72151040.0,
            "storage_bytes_avg": 11661818.726708075,
            "storage_bytes_max": 13106295.0,
            "cpu_seconds": 4.92
          },
          "3": {
            "samples": 161,
            "memory_bytes_avg": 61745317.36645963,
            "memory_bytes_max": 66985984.0,
            "storage_bytes_avg": 11690173.049689442,
            "storage_bytes_max": 13560951.0,
            "cpu_seconds": 4.91
          }
        }
      },
      "scenarios": [
        {
          "scenario_id": "cluster_slow_consumer_backpressure:1024",
          "operation": "cluster_slow_consumer_backpressure",
          "messages": 1000,
          "message_size_bytes": 1024,
          "elapsed_seconds": 14.528419818,
          "elapsed_milliseconds": 14528.419818,
          "throughput_messages_per_second": 68.8306101095075,
          "throughput_megabytes_per_second": 0.07048254475213568,
          "latency_sample_count": 1000,
          "latency_microseconds": {
            "p50": 2926.8875,
            "p99": 8795.203629999996,
            "p999": 11560.782769000167,
            "max": 13413.697
          },
          "metadata": {
            "nodes": 3,
            "processing_delay_ms": 10,
            "preloaded_messages": 1000,
            "publish_setup_excluded": true,
            "bounded_runtime_seconds": 60.0,
            "redelivery_expected": false,
            "latency_scope": "primary_poll_and_ack_request_time excludes processing delay and duplicate probe",
            "throughput_scope": "finite backlog drain includes processing delay and duplicate poll probe",
            "backpressure": {
              "semantics": "one in-flight delivery per ordinary consumer; a second pull before acknowledgement returns that same delivery",
              "duplicate_polls": 1000,
              "duplicate_matches": 1000,
              "max_logical_in_flight_deliveries_observed": 1,
              "delivery_window_verified": true,
              "publisher_throttling_or_rejection_exercised": false,
              "broker_policy_claim": "no configurable publisher backpressure or rejection policy is inferred from this probe",
              "duplicate_poll_latency_microseconds": {
                "p50": 1101.2355,
                "p99": 7370.409819999999,
                "p999": 9956.898116000088,
                "max": 10931.039
              }
            },
            "resource_measurement": "scenario resource_samples cover the finite slow-consumer drain, including the configured processing delay and duplicate polls"
          },
          "resource_samples": {
            "samples": 145,
            "memory_bytes_avg": 203657752.71724138,
            "memory_bytes_max": 214478848.0,
            "storage_bytes_avg": 37602249.57931034,
            "storage_bytes_max": 39265637.0,
            "cpu_seconds": 12.58,
            "elapsed_seconds": 14.528996301,
            "per_node": {
              "1": {
                "samples": 146,
                "memory_bytes_avg": 68660630.79452054,
                "memory_bytes_max": 75395072.0,
                "storage_bytes_avg": 12499203.753424658,
                "storage_bytes_max": 12598391.0,
                "cpu_seconds": 4.67
              },
              "2": {
                "samples": 146,
                "memory_bytes_avg": 70421013.0410959,
                "memory_bytes_max": 72151040.0,
                "storage_bytes_avg": 12534018.184931507,
                "storage_bytes_max": 13106295.0,
                "cpu_seconds": 3.94
              },
              "3": {
                "samples": 146,
                "memory_bytes_avg": 64438440.32876712,
                "memory_bytes_max": 66985984.0,
                "storage_bytes_avg": 12565089.150684932,
                "storage_bytes_max": 13560951.0,
                "cpu_seconds": 3.97
              }
            }
          },
          "server_metrics": {
            "available": true,
            "source": "GET /metrics",
            "delta": {
              "node_1.runnel_acknowledgements_total": 334.0,
              "node_1.runnel_active_connections": 0.0,
              "node_1.runnel_active_requests": 0.0,
              "node_1.runnel_broker_connection_errors_total": 0.0,
              "node_1.runnel_broker_connections_accepted_total": 0.0,
              "node_1.runnel_broker_connections_closed_total": 0.0,
              "node_1.runnel_broker_connections_rejected_total": 0.0,
              "node_1.runnel_broker_max_connections": 0.0,
              "node_1.runnel_broker_max_in_flight_requests": 0.0,
              "node_1.runnel_broker_max_request_bytes": 0.0,
              "node_1.runnel_broker_request_bytes_total": 130096.0,
              "node_1.runnel_broker_request_duration_seconds_bucket{operation=\"ack\",le=\"+Inf\"}": 334.0,
              "node_1.runnel_broker_request_duration_seconds_bucket{operation=\"ack\",le=\"0.0001\"}": 0.0,
              "node_1.runnel_broker_request_duration_seconds_bucket{operation=\"ack\",le=\"0.001\"}": 148.0,
              "node_1.runnel_broker_request_duration_seconds_bucket{operation=\"ack\",le=\"0.01\"}": 334.0,
              "node_1.runnel_broker_request_duration_seconds_bucket{operation=\"ack\",le=\"0.1\"}": 334.0,
              "node_1.runnel_broker_request_duration_seconds_bucket{operation=\"ack\",le=\"1\"}": 334.0,
              "node_1.runnel_broker_request_duration_seconds_bucket{operation=\"ack\",le=\"10\"}": 334.0,
              "node_1.runnel_broker_request_duration_seconds_bucket{operation=\"ack_group\",le=\"+Inf\"}": 0.0,
              "node_1.runnel_broker_request_duration_seconds_bucket{operation=\"ack_group\",le=\"0.0001\"}": 0.0,
              "node_1.runnel_broker_request_duration_seconds_bucket{operation=\"ack_group\",le=\"0.001\"}": 0.0,
              "node_1.runnel_broker_request_duration_seconds_bucket{operation=\"ack_group\",le=\"0.01\"}": 0.0,
              "node_1.runnel_broker_request_duration_seconds_bucket{operation=\"ack_group\",le=\"0.1\"}": 0.0,
              "node_1.runnel_broker_request_duration_seconds_bucket{operation=\"ack_group\",le=\"1\"}": 0.0,
              "node_1.runnel_broker_request_duration_seconds_bucket{operation=\"ack_group\",le=\"10\"}": 0.0,
              "node_1.runnel_broker_request_duration_seconds_bucket{operation=\"configure_consumer\",le=\"+Inf\"}": 0.0,
              "node_1.runnel_broker_request_duration_seconds_bucket{operation=\"configure_consumer\",le=\"0.0001\"}": 0.0,
              "node_1.runnel_broker_request_duration_seconds_bucket{operation=\"configure_consumer\",le=\"0.001\"}": 0.0,
              "node_1.runnel_broker_request_duration_seconds_bucket{operation=\"configure_consumer\",le=\"0.01\"}": 0.0,
              "node_1.runnel_broker_request_duration_seconds_bucket{operation=\"configure_consumer\",le=\"0.1\"}": 0.0,
              "node_1.runnel_broker_request_duration_seconds_bucket{operation=\"configure_consumer\",le=\"1\"}": 0.0,
              "node_1.runnel_broker_request_duration_seconds_bucket{operation=\"configure_consumer\",le=\"10\"}": 0.0,
              "node_1.runnel_broker_request_duration_seconds_bucket{operation=\"create_stream\",le=\"+Inf\"}": 0.0,
              "node_1.runnel_broker_request_duration_seconds_bucket{operation=\"create_stream\",le=\"0.0001\"}": 0.0,
              "node_1.runnel_broker_request_duration_seconds_bucket{operation=\"create_stream\",le=\"0.001\"}": 0.0,
              "node_1.runnel_broker_request_duration_seconds_bucket{operation=\"create_stream\",le=\"0.01\"}": 0.0,
              "node_1.runnel_broker_request_duration_seconds_bucket{operation=\"create_stream\",le=\"0.1\"}": 0.0,
              "node_1.runnel_broker_request_duration_seconds_bucket{operation=\"create_stream\",le=\"1\"}": 0.0,
              "node_1.runnel_broker_request_duration_seconds_bucket{operation=\"create_stream\",le=\"10\"}": 0.0,
              "node_1.runnel_broker_request_duration_seconds_bucket{operation=\"health\",le=\"+Inf\"}": 0.0,
              "node_1.runnel_broker_request_duration_seconds_bucket{operation=\"health\",le=\"0.0001\"}": 0.0,
              "node_1.runnel_broker_request_duration_seconds_bucket{operation=\"health\",le=\"0.001\"}": 0.0,
              "node_1.runnel_broker_request_duration_seconds_bucket{operation=\"health\",le=\"0.01\"}": 0.0,
              "node_1.runnel_broker_request_duration_seconds_bucket{operation=\"health\",le=\"0.1\"}": 0.0,
              "node_1.runnel_broker_request_duration_seconds_bucket{operation=\"health\",le=\"1\"}": 0.0,
              "node_1.runnel_broker_request_duration_seconds_bucket{operation=\"health\",le=\"10\"}": 0.0,
              "node_1.runnel_broker_request_duration_seconds_bucket{operation=\"inspect_consumer\",le=\"+Inf\"}": 0.0,
              "node_1.runnel_broker_request_duration_seconds_bucket{operation=\"inspect_consumer\",le=\"0.0001\"}": 0.0,
              "node_1.runnel_broker_request_duration_seconds_bucket{operation=\"inspect_consumer\",le=\"0.001\"}": 0.0,
              "node_1.runnel_broker_request_duration_seconds_bucket{operation=\"inspect_consumer\",le=\"0.01\"}": 0.0,
              "node_1.runnel_broker_request_duration_seconds_bucket{operation=\"inspect_consumer\",le=\"0.1\"}": 0.0,
              "node_1.runnel_broker_request_duration_seconds_bucket{operation=\"inspect_consumer\",le=\"1\"}": 0.0,
              "node_1.runnel_broker_request_duration_seconds_bucket{operation=\"inspect_consumer\",le=\"10\"}": 0.0,
              "node_1.runnel_broker_request_duration_seconds_bucket{operation=\"invalid_request\",le=\"+Inf\"}": 0.0,
              "node_1.runnel_broker_request_duration_seconds_bucket{operation=\"invalid_request\",le=\"0.0001\"}": 0.0,
              "node_1.runnel_broker_request_duration_seconds_bucket{operation=\"invalid_request\",le=\"0.001\"}": 0.0,
              "node_1.runnel_broker_request_duration_seconds_bucket{operation=\"invalid_request\",le=\"0.01\"}": 0.0,
              "node_1.runnel_broker_request_duration_seconds_bucket{operation=\"invalid_request\",le=\"0.1\"}": 0.0,
              "node_1.runnel_broker_request_duration_seconds_bucket{operation=\"invalid_request\",le=\"1\"}": 0.0,
              "node_1.runnel_broker_request_duration_seconds_bucket{operation=\"invalid_request\",le=\"10\"}": 0.0,
              "node_1.runnel_broker_request_duration_seconds_bucket{operation=\"poll\",le=\"+Inf\"}": 667.0,
              "node_1.runnel_broker_request_duration_seconds_bucket{operation=\"poll\",le=\"0.0001\"}": 1.0,
              "node_1.runnel_broker_request_duration_seconds_bucket{operation=\"poll\",le=\"0.001\"}": 485.0,
              "node_1.runnel_broker_request_duration_seconds_bucket{operation=\"poll\",le=\"0.01\"}": 666.0,
              "node_1.runnel_broker_request_duration_seconds_bucket{operation=\"poll\",le=\"0.1\"}": 667.0,
              "node_1.runnel_broker_request_duration_seconds_bucket{operation=\"poll\",le=\"1\"}": 667.0,
              "node_1.runnel_broker_request_duration_seconds_bucket{operation=\"poll\",le=\"10\"}": 667.0,
              "node_1.runnel_broker_request_duration_seconds_bucket{operation=\"poll_group\",le=\"+Inf\"}": 0.0,
              "node_1.runnel_broker_request_duration_seconds_bucket{operation=\"poll_group\",le=\"0.0001\"}": 0.0,
              "node_1.runnel_broker_request_duration_seconds_bucket{operation=\"poll_group\",le=\"0.001\"}": 0.0,
              "node_1.runnel_broker_request_duration_seconds_bucket{operation=\"poll_group\",le=\"0.01\"}": 0.0,
              "node_1.runnel_broker_request_duration_seconds_bucket{operation=\"poll_group\",le=\"0.1\"}": 0.0,
              "node_1.runnel_broker_request_duration_seconds_bucket{operation=\"poll_group\",le=\"1\"}": 0.0,
              "node_1.runnel_broker_request_duration_seconds_bucket{operation=\"poll_group\",le=\"10\"}": 0.0,
              "node_1.runnel_broker_request_duration_seconds_bucket{operation=\"publish\",le=\"+Inf\"}": 0.0,
              "node_1.runnel_broker_request_duration_seconds_bucket{operation=\"publish\",le=\"0.0001\"}": 0.0,
              "node_1.runnel_broker_request_duration_seconds_bucket{operation=\"publish\",le=\"0.001\"}": 0.0,
              "node_1.runnel_broker_request_duration_seconds_bucket{operation=\"publish\",le=\"0.01\"}": 0.0,
              "node_1.runnel_broker_request_duration_seconds_bucket{operation=\"publish\",le=\"0.1\"}": 0.0,
              "node_1.runnel_broker_request_duration_seconds_bucket{operation=\"publish\",le=\"1\"}": 0.0,
              "node_1.runnel_broker_request_duration_seconds_bucket{operation=\"publish\",le=\"10\"}": 0.0,
              "node_1.runnel_broker_request_duration_seconds_bucket{operation=\"replay\",le=\"+Inf\"}": 0.0,
              "node_1.runnel_broker_request_duration_seconds_bucket{operation=\"replay\",le=\"0.0001\"}": 0.0,
              "node_1.runnel_broker_request_duration_seconds_bucket{operation=\"replay\",le=\"0.001\"}": 0.0,
              "node_1.runnel_broker_request_duration_seconds_bucket{operation=\"replay\",le=\"0.01\"}": 0.0,
              "node_1.runnel_broker_request_duration_seconds_bucket{operation=\"replay\",le=\"0.1\"}": 0.0,
              "node_1.runnel_broker_request_duration_seconds_bucket{operation=\"replay\",le=\"1\"}": 0.0,
              "node_1.runnel_broker_request_duration_seconds_bucket{operation=\"replay\",le=\"10\"}": 0.0,
              "node_1.runnel_broker_request_duration_seconds_count{operation=\"ack\"}": 334.0,
              "node_1.runnel_broker_request_duration_seconds_count{operation=\"ack_group\"}": 0.0,
              "node_1.runnel_broker_request_duration_seconds_count{operation=\"configure_consumer\"}": 0.0,
              "node_1.runnel_broker_request_duration_seconds_count{operation=\"create_stream\"}": 0.0,
              "node_1.runnel_broker_request_duration_seconds_count{operation=\"health\"}": 0.0,
              "node_1.runnel_broker_request_duration_seconds_count{operation=\"inspect_consumer\"}": 0.0,
              "node_1.runnel_broker_request_duration_seconds_count{operation=\"invalid_request\"}": 0.0,
              "node_1.runnel_broker_request_duration_seconds_count{operation=\"poll\"}": 667.0,
              "node_1.runnel_broker_request_duration_seconds_count{operation=\"poll_group\"}": 0.0,
              "node_1.runnel_broker_request_duration_seconds_count{operation=\"publish\"}": 0.0,
              "node_1.runnel_broker_request_duration_seconds_count{operation=\"replay\"}": 0.0,
              "node_1.runnel_broker_request_duration_seconds_sum{operation=\"ack\"}": 0.322129,
              "node_1.runnel_broker_request_duration_seconds_sum{operation=\"ack_group\"}": 0.0,
              "node_1.runnel_broker_request_duration_seconds_sum{operation=\"configure_consumer\"}": 0.0,
              "node_1.runnel_broker_request_duration_seconds_sum{operation=\"create_stream\"}": 0.0,
              "node_1.runnel_broker_request_duration_seconds_sum{operation=\"health\"}": 0.0,
              "node_1.runnel_broker_request_duration_seconds_sum{operation=\"inspect_consumer\"}": 0.0,
              "node_1.runnel_broker_request_duration_seconds_sum{operation=\"invalid_request\"}": 0.0,
              "node_1.runnel_broker_request_duration_seconds_sum{operation=\"poll\"}": 0.619613,
              "node_1.runnel_broker_request_duration_seconds_sum{operation=\"poll_group\"}": 0.0,
              "node_1.runnel_broker_request_duration_seconds_sum{operation=\"publish\"}": 0.0,
              "node_1.runnel_broker_request_duration_seconds_sum{operation=\"replay\"}": 0.0,
              "node_1.runnel_broker_request_failures_total{operation=\"ack\"}": 0.0,
              "node_1.runnel_broker_request_failures_total{operation=\"ack_group\"}": 0.0,
              "node_1.runnel_broker_request_failures_total{operation=\"configure_consumer\"}": 0.0,
              "node_1.runnel_broker_request_failures_total{operation=\"create_stream\"}": 0.0,
              "node_1.runnel_broker_request_failures_total{operation=\"health\"}": 0.0,
              "node_1.runnel_broker_request_failures_total{operation=\"inspect_consumer\"}": 0.0,
              "node_1.runnel_broker_request_failures_total{operation=\"invalid_request\"}": 0.0,
              "node_1.runnel_broker_request_failures_total{operation=\"poll\"}": 0.0,
              "node_1.runnel_broker_request_failures_total{operation=\"poll_group\"}": 0.0,
              "node_1.runnel_broker_request_failures_total{operation=\"publish\"}": 0.0,
              "node_1.runnel_broker_request_failures_total{operation=\"replay\"}": 0.0,
              "node_1.runnel_broker_request_saturation_total": 0.0,
              "node_1.runnel_broker_request_size_rejections_total": 0.0,
              "node_1.runnel_broker_request_timeout_seconds": 0.0,
              "node_1.runnel_broker_request_timeouts_total": 0.0,
              "node_1.runnel_broker_requests_rejected_total": 0.0,
              "node_1.runnel_broker_requests_total{operation=\"ack\"}": 334.0,
              "node_1.runnel_broker_requests_total{operation=\"ack_group\"}": 0.0,
              "node_1.runnel_broker_requests_total{operation=\"configure_consumer\"}": 0.0,
              "node_1.runnel_broker_requests_total{operation=\"create_stream\"}": 0.0,
              "node_1.runnel_broker_requests_total{operation=\"health\"}": 0.0,
              "node_1.runnel_broker_requests_total{operation=\"inspect_consumer\"}": 0.0,
              "node_1.runnel_broker_requests_total{operation=\"invalid_request\"}": 0.0,
              "node_1.runnel_broker_requests_total{operation=\"poll\"}": 667.0,
              "node_1.runnel_broker_requests_total{operation=\"poll_group\"}": 0.0,
              "node_1.runnel_broker_requests_total{operation=\"publish\"}": 0.0,
              "node_1.runnel_broker_requests_total{operation=\"replay\"}": 0.0,
              "node_1.runnel_broker_response_bytes_total": 889755.0,
              "node_1.runnel_broker_response_write_timeouts_total": 0.0,
              "node_1.runnel_dead_letters_total": 0.0,
              "node_1.runnel_delivered_bytes_total": 683008.0,
              "node_1.runnel_deliveries_total": 667.0,
              "node_1.runnel_engine_health_available": 0.0,
              "node_1.runnel_health_check_failures_total": 0.0,
              "node_1.runnel_in_flight_deliveries": 0.0,
              "node_1.runnel_metrics_scrape_failures_total": 0.0,
              "node_1.runnel_metrics_scrapes_total": 1.0,
              "node_1.runnel_process_uptime_seconds": 14.532285000000002,
              "node_1.runnel_published_bytes_total": 0.0,
              "node_1.runnel_publishes_total": 0.0,
              "node_1.runnel_redeliveries_total": 0.0,
              "node_1.runnel_snapshot_build_failures_total": 0.0,
              "node_1.runnel_snapshot_builds_completed_total": 94.0,
              "node_1.runnel_snapshot_builds_started_total": 94.0,
              "node_1.runnel_snapshot_install_bytes_total": 0.0,
              "node_1.runnel_snapshot_install_failures_total": 0.0,
              "node_1.runnel_snapshot_installs_completed_total": 0.0,
              "node_1.runnel_snapshot_installs_in_progress": 0.0,
              "node_1.runnel_snapshot_installs_started_total": 0.0,
              "node_1.runnel_snapshot_transfer_bytes_received_total": 0.0,
              "node_1.runnel_snapshot_transfer_chunks_received_total": 0.0,
              "node_1.runnel_snapshot_transfer_final_chunks_received_total": 0.0,
              "node_1.runnel_storage_bytes": 0.0,
              "node_1.runnel_stream_creations_total": 0.0,
              "node_1.runnel_streams": 0.0,
              "node_2.runnel_acknowledgements_total": 333.0,
              "node_2.runnel_active_connections": 0.0,
              "node_2.runnel_active_requests": 0.0,
              "node_2.runnel_broker_connection_errors_total": 0.0,
              "node_2.runnel_broker_connections_accepted_total": 0.0,
              "node_2.runnel_broker_connections_closed_total": 0.0,
              "node_2.runnel_broker_connections_rejected_total": 0.0,
              "node_2.runnel_broker_max_connections": 0.0,
              "node_2.runnel_broker_max_in_flight_requests": 0.0,
              "node_2.runnel_broker_max_request_bytes": 0.0,
              "node_2.runnel_broker_request_bytes_total": 129960.0,
              "node_2.runnel_broker_request_duration_seconds_bucket{operation=\"ack\",le=\"+Inf\"}": 333.0,
              "node_2.runnel_broker_request_duration_seconds_bucket{operation=\"ack\",le=\"0.0001\"}": 0.0,
              "node_2.runnel_broker_request_duration_seconds_bucket{operation=\"ack\",le=\"0.001\"}": 120.0,
              "node_2.runnel_broker_request_duration_seconds_bucket{operation=\"ack\",le=\"0.01\"}": 333.0,
              "node_2.runnel_broker_request_duration_seconds_bucket{operation=\"ack\",le=\"0.1\"}": 333.0,
              "node_2.runnel_broker_request_duration_seconds_bucket{operation=\"ack\",le=\"1\"}": 333.0,
              "node_2.runnel_broker_request_duration_seconds_bucket{operation=\"ack\",le=\"10\"}": 333.0,
              "node_2.runnel_broker_request_duration_seconds_bucket{operation=\"ack_group\",le=\"+Inf\"}": 0.0,
              "node_2.runnel_broker_request_duration_seconds_bucket{operation=\"ack_group\",le=\"0.0001\"}": 0.0,
              "node_2.runnel_broker_request_duration_seconds_bucket{operation=\"ack_group\",le=\"0.001\"}": 0.0,
              "node_2.runnel_broker_request_duration_seconds_bucket{operation=\"ack_group\",le=\"0.01\"}": 0.0,
              "node_2.runnel_broker_request_duration_seconds_bucket{operation=\"ack_group\",le=\"0.1\"}": 0.0,
              "node_2.runnel_broker_request_duration_seconds_bucket{operation=\"ack_group\",le=\"1\"}": 0.0,
              "node_2.runnel_broker_request_duration_seconds_bucket{operation=\"ack_group\",le=\"10\"}": 0.0,
              "node_2.runnel_broker_request_duration_seconds_bucket{operation=\"configure_consumer\",le=\"+Inf\"}": 0.0,
              "node_2.runnel_broker_request_duration_seconds_bucket{operation=\"configure_consumer\",le=\"0.0001\"}": 0.0,
              "node_2.runnel_broker_request_duration_seconds_bucket{operation=\"configure_consumer\",le=\"0.001\"}": 0.0,
              "node_2.runnel_broker_request_duration_seconds_bucket{operation=\"configure_consumer\",le=\"0.01\"}": 0.0,
              "node_2.runnel_broker_request_duration_seconds_bucket{operation=\"configure_consumer\",le=\"0.1\"}": 0.0,
              "node_2.runnel_broker_request_duration_seconds_bucket{operation=\"configure_consumer\",le=\"1\"}": 0.0,
              "node_2.runnel_broker_request_duration_seconds_bucket{operation=\"configure_consumer\",le=\"10\"}": 0.0,
              "node_2.runnel_broker_request_duration_seconds_bucket{operation=\"create_stream\",le=\"+Inf\"}": 0.0,
              "node_2.runnel_broker_request_duration_seconds_bucket{operation=\"create_stream\",le=\"0.0001\"}": 0.0,
              "node_2.runnel_broker_request_duration_seconds_bucket{operation=\"create_stream\",le=\"0.001\"}": 0.0,
              "node_2.runnel_broker_request_duration_seconds_bucket{operation=\"create_stream\",le=\"0.01\"}": 0.0,
              "node_2.runnel_broker_request_duration_seconds_bucket{operation=\"create_stream\",le=\"0.1\"}": 0.0,
              "node_2.runnel_broker_request_duration_seconds_bucket{operation=\"create_stream\",le=\"1\"}": 0.0,
              "node_2.runnel_broker_request_duration_seconds_bucket{operation=\"create_stream\",le=\"10\"}": 0.0,
              "node_2.runnel_broker_request_duration_seconds_bucket{operation=\"health\",le=\"+Inf\"}": 0.0,
              "node_2.runnel_broker_request_duration_seconds_bucket{operation=\"health\",le=\"0.0001\"}": 0.0,
              "node_2.runnel_broker_request_duration_seconds_bucket{operation=\"health\",le=\"0.001\"}": 0.0,
              "node_2.runnel_broker_request_duration_seconds_bucket{operation=\"health\",le=\"0.01\"}": 0.0,
              "node_2.runnel_broker_request_duration_seconds_bucket{operation=\"health\",le=\"0.1\"}": 0.0,
              "node_2.runnel_broker_request_duration_seconds_bucket{operation=\"health\",le=\"1\"}": 0.0,
              "node_2.runnel_broker_request_duration_seconds_bucket{operation=\"health\",le=\"10\"}": 0.0,
              "node_2.runnel_broker_request_duration_seconds_bucket{operation=\"inspect_consumer\",le=\"+Inf\"}": 0.0,
              "node_2.runnel_broker_request_duration_seconds_bucket{operation=\"inspect_consumer\",le=\"0.0001\"}": 0.0,
              "node_2.runnel_broker_request_duration_seconds_bucket{operation=\"inspect_consumer\",le=\"0.001\"}": 0.0,
              "node_2.runnel_broker_request_duration_seconds_bucket{operation=\"inspect_consumer\",le=\"0.01\"}": 0.0,
              "node_2.runnel_broker_request_duration_seconds_bucket{operation=\"inspect_consumer\",le=\"0.1\"}": 0.0,
              "node_2.runnel_broker_request_duration_seconds_bucket{operation=\"inspect_consumer\",le=\"1\"}": 0.0,
              "node_2.runnel_broker_request_duration_seconds_bucket{operation=\"inspect_consumer\",le=\"10\"}": 0.0,
              "node_2.runnel_broker_request_duration_seconds_bucket{operation=\"invalid_request\",le=\"+Inf\"}": 0.0,
              "node_2.runnel_broker_request_duration_seconds_bucket{operation=\"invalid_request\",le=\"0.0001\"}": 0.0,
              "node_2.runnel_broker_request_duration_seconds_bucket{operation=\"invalid_request\",le=\"0.001\"}": 0.0,
              "node_2.runnel_broker_request_duration_seconds_bucket{operation=\"invalid_request\",le=\"0.01\"}": 0.0,
              "node_2.runnel_broker_request_duration_seconds_bucket{operation=\"invalid_request\",le=\"0.1\"}": 0.0,
              "node_2.runnel_broker_request_duration_seconds_bucket{operation=\"invalid_request\",le=\"1\"}": 0.0,
              "node_2.runnel_broker_request_duration_seconds_bucket{operation=\"invalid_request\",le=\"10\"}": 0.0,
              "node_2.runnel_broker_request_duration_seconds_bucket{operation=\"poll\",le=\"+Inf\"}": 667.0,
              "node_2.runnel_broker_request_duration_seconds_bucket{operation=\"poll\",le=\"0.0001\"}": 0.0,
              "node_2.runnel_broker_request_duration_seconds_bucket{operation=\"poll\",le=\"0.001\"}": 293.0,
              "node_2.runnel_broker_request_duration_seconds_bucket{operation=\"poll\",le=\"0.01\"}": 665.0,
              "node_2.runnel_broker_request_duration_seconds_bucket{operation=\"poll\",le=\"0.1\"}": 667.0,
              "node_2.runnel_broker_request_duration_seconds_bucket{operation=\"poll\",le=\"1\"}": 667.0,
              "node_2.runnel_broker_request_duration_seconds_bucket{operation=\"poll\",le=\"10\"}": 667.0,
              "node_2.runnel_broker_request_duration_seconds_bucket{operation=\"poll_group\",le=\"+Inf\"}": 0.0,
              "node_2.runnel_broker_request_duration_seconds_bucket{operation=\"poll_group\",le=\"0.0001\"}": 0.0,
              "node_2.runnel_broker_request_duration_seconds_bucket{operation=\"poll_group\",le=\"0.001\"}": 0.0,
              "node_2.runnel_broker_request_duration_seconds_bucket{operation=\"poll_group\",le=\"0.01\"}": 0.0,
              "node_2.runnel_broker_request_duration_seconds_bucket{operation=\"poll_group\",le=\"0.1\"}": 0.0,
              "node_2.runnel_broker_request_duration_seconds_bucket{operation=\"poll_group\",le=\"1\"}": 0.0,
              "node_2.runnel_broker_request_duration_seconds_bucket{operation=\"poll_group\",le=\"10\"}": 0.0,
              "node_2.runnel_broker_request_duration_seconds_bucket{operation=\"publish\",le=\"+Inf\"}": 0.0,
              "node_2.runnel_broker_request_duration_seconds_bucket{operation=\"publish\",le=\"0.0001\"}": 0.0,
              "node_2.runnel_broker_request_duration_seconds_bucket{operation=\"publish\",le=\"0.001\"}": 0.0,
              "node_2.runnel_broker_request_duration_seconds_bucket{operation=\"publish\",le=\"0.01\"}": 0.0,
              "node_2.runnel_broker_request_duration_seconds_bucket{operation=\"publish\",le=\"0.1\"}": 0.0,
              "node_2.runnel_broker_request_duration_seconds_bucket{operation=\"publish\",le=\"1\"}": 0.0,
              "node_2.runnel_broker_request_duration_seconds_bucket{operation=\"publish\",le=\"10\"}": 0.0,
              "node_2.runnel_broker_request_duration_seconds_bucket{operation=\"replay\",le=\"+Inf\"}": 0.0,
              "node_2.runnel_broker_request_duration_seconds_bucket{operation=\"replay\",le=\"0.0001\"}": 0.0,
              "node_2.runnel_broker_request_duration_seconds_bucket{operation=\"replay\",le=\"0.001\"}": 0.0,
              "node_2.runnel_broker_request_duration_seconds_bucket{operation=\"replay\",le=\"0.01\"}": 0.0,
              "node_2.runnel_broker_request_duration_seconds_bucket{operation=\"replay\",le=\"0.1\"}": 0.0,
              "node_2.runnel_broker_request_duration_seconds_bucket{operation=\"replay\",le=\"1\"}": 0.0,
              "node_2.runnel_broker_request_duration_seconds_bucket{operation=\"replay\",le=\"10\"}": 0.0,
              "node_2.runnel_broker_request_duration_seconds_count{operation=\"ack\"}": 333.0,
              "node_2.runnel_broker_request_duration_seconds_count{operation=\"ack_group\"}": 0.0,
              "node_2.runnel_broker_request_duration_seconds_count{operation=\"configure_consumer\"}": 0.0,
              "node_2.runnel_broker_request_duration_seconds_count{operation=\"create_stream\"}": 0.0,
              "node_2.runnel_broker_request_duration_seconds_count{operation=\"health\"}": 0.0,
              "node_2.runnel_broker_request_duration_seconds_count{operation=\"inspect_consumer\"}": 0.0,
              "node_2.runnel_broker_request_duration_seconds_count{operation=\"invalid_request\"}": 0.0,
              "node_2.runnel_broker_request_duration_seconds_count{operation=\"poll\"}": 667.0,
              "node_2.runnel_broker_request_duration_seconds_count{operation=\"poll_group\"}": 0.0,
              "node_2.runnel_broker_request_duration_seconds_count{operation=\"publish\"}": 0.0,
              "node_2.runnel_broker_request_duration_seconds_count{operation=\"replay\"}": 0.0,
              "node_2.runnel_broker_request_duration_seconds_sum{operation=\"ack\"}": 0.430082,
              "node_2.runnel_broker_request_duration_seconds_sum{operation=\"ack_group\"}": 0.0,
              "node_2.runnel_broker_request_duration_seconds_sum{operation=\"configure_consumer\"}": 0.0,
              "node_2.runnel_broker_request_duration_seconds_sum{operation=\"create_stream\"}": 0.0,
              "node_2.runnel_broker_request_duration_seconds_sum{operation=\"health\"}": 0.0,
              "node_2.runnel_broker_request_duration_seconds_sum{operation=\"inspect_consumer\"}": 0.0,
              "node_2.runnel_broker_request_duration_seconds_sum{operation=\"invalid_request\"}": 0.0,
              "node_2.runnel_broker_request_duration_seconds_sum{operation=\"poll\"}": 0.797504,
              "node_2.runnel_broker_request_duration_seconds_sum{operation=\"poll_group\"}": 0.0,
              "node_2.runnel_broker_request_duration_seconds_sum{operation=\"publish\"}": 0.0,
              "node_2.runnel_broker_request_duration_seconds_sum{operation=\"replay\"}": 0.0,
              "node_2.runnel_broker_request_failures_total{operation=\"ack\"}": 0.0,
              "node_2.runnel_broker_request_failures_total{operation=\"ack_group\"}": 0.0,
              "node_2.runnel_broker_request_failures_total{operation=\"configure_consumer\"}": 0.0,
              "node_2.runnel_broker_request_failures_total{operation=\"create_stream\"}": 0.0,
              "node_2.runnel_broker_request_failures_total{operation=\"health\"}": 0.0,
              "node_2.runnel_broker_request_failures_total{operation=\"inspect_consumer\"}": 0.0,
              "node_2.runnel_broker_request_failures_total{operation=\"invalid_request\"}": 0.0,
              "node_2.runnel_broker_request_failures_total{operation=\"poll\"}": 0.0,
              "node_2.runnel_broker_request_failures_total{operation=\"poll_group\"}": 0.0,
              "node_2.runnel_broker_request_failures_total{operation=\"publish\"}": 0.0,
              "node_2.runnel_broker_request_failures_total{operation=\"replay\"}": 0.0,
              "node_2.runnel_broker_request_saturation_total": 0.0,
              "node_2.runnel_broker_request_size_rejections_total": 0.0,
              "node_2.runnel_broker_request_timeout_seconds": 0.0,
              "node_2.runnel_broker_request_timeouts_total": 0.0,
              "node_2.runnel_broker_requests_rejected_total": 0.0,
              "node_2.runnel_broker_requests_total{operation=\"ack\"}": 333.0,
              "node_2.runnel_broker_requests_total{operation=\"ack_group\"}": 0.0,
              "node_2.runnel_broker_requests_total{operation=\"configure_consumer\"}": 0.0,
              "node_2.runnel_broker_requests_total{operation=\"create_stream\"}": 0.0,
              "node_2.runnel_broker_requests_total{operation=\"health\"}": 0.0,
              "node_2.runnel_broker_requests_total{operation=\"inspect_consumer\"}": 0.0,
              "node_2.runnel_broker_requests_total{operation=\"invalid_request\"}": 0.0,
              "node_2.runnel_broker_requests_total{operation=\"poll\"}": 667.0,
              "node_2.runnel_broker_requests_total{operation=\"poll_group\"}": 0.0,
              "node_2.runnel_broker_requests_total{operation=\"publish\"}": 0.0,
              "node_2.runnel_broker_requests_total{operation=\"replay\"}": 0.0,
              "node_2.runnel_broker_response_bytes_total": 889579.0,
              "node_2.runnel_broker_response_write_timeouts_total": 0.0,
              "node_2.runnel_dead_letters_total": 0.0,
              "node_2.runnel_delivered_bytes_total": 683008.0,
              "node_2.runnel_deliveries_total": 667.0,
              "node_2.runnel_engine_health_available": 0.0,
              "node_2.runnel_health_check_failures_total": 0.0,
              "node_2.runnel_in_flight_deliveries": 0.0,
              "node_2.runnel_metrics_scrape_failures_total": 0.0,
              "node_2.runnel_metrics_scrapes_total": 1.0,
              "node_2.runnel_process_uptime_seconds": 14.532542000000001,
              "node_2.runnel_published_bytes_total": 0.0,
              "node_2.runnel_publishes_total": 0.0,
              "node_2.runnel_redeliveries_total": 0.0,
              "node_2.runnel_snapshot_build_failures_total": 0.0,
              "node_2.runnel_snapshot_builds_completed_total": 95.0,
              "node_2.runnel_snapshot_builds_started_total": 94.0,
              "node_2.runnel_snapshot_install_bytes_total": 0.0,
              "node_2.runnel_snapshot_install_failures_total": 0.0,
              "node_2.runnel_snapshot_installs_completed_total": 0.0,
              "node_2.runnel_snapshot_installs_in_progress": 0.0,
              "node_2.runnel_snapshot_installs_started_total": 0.0,
              "node_2.runnel_snapshot_transfer_bytes_received_total": 0.0,
              "node_2.runnel_snapshot_transfer_chunks_received_total": 0.0,
              "node_2.runnel_snapshot_transfer_final_chunks_received_total": 0.0,
              "node_2.runnel_storage_bytes": 0.0,
              "node_2.runnel_stream_creations_total": 0.0,
              "node_2.runnel_streams": 0.0,
              "node_3.runnel_acknowledgements_total": 333.0,
              "node_3.runnel_active_connections": 0.0,
              "node_3.runnel_active_requests": 0.0,
              "node_3.runnel_broker_connection_errors_total": 0.0,
              "node_3.runnel_broker_connections_accepted_total": 0.0,
              "node_3.runnel_broker_connections_closed_total": 0.0,
              "node_3.runnel_broker_connections_rejected_total": 0.0,
              "node_3.runnel_broker_max_connections": 0.0,
              "node_3.runnel_broker_max_in_flight_requests": 0.0,
              "node_3.runnel_broker_max_request_bytes": 0.0,
              "node_3.runnel_broker_request_bytes_total": 129834.0,
              "node_3.runnel_broker_request_duration_seconds_bucket{operation=\"ack\",le=\"+Inf\"}": 333.0,
              "node_3.runnel_broker_request_duration_seconds_bucket{operation=\"ack\",le=\"0.0001\"}": 0.0,
              "node_3.runnel_broker_request_duration_seconds_bucket{operation=\"ack\",le=\"0.001\"}": 124.0,
              "node_3.runnel_broker_request_duration_seconds_bucket{operation=\"ack\",le=\"0.01\"}": 333.0,
              "node_3.runnel_broker_request_duration_seconds_bucket{operation=\"ack\",le=\"0.1\"}": 333.0,
              "node_3.runnel_broker_request_duration_seconds_bucket{operation=\"ack\",le=\"1\"}": 333.0,
              "node_3.runnel_broker_request_duration_seconds_bucket{operation=\"ack\",le=\"10\"}": 333.0,
              "node_3.runnel_broker_request_duration_seconds_bucket{operation=\"ack_group\",le=\"+Inf\"}": 0.0,
              "node_3.runnel_broker_request_duration_seconds_bucket{operation=\"ack_group\",le=\"0.0001\"}": 0.0,
              "node_3.runnel_broker_request_duration_seconds_bucket{operation=\"ack_group\",le=\"0.001\"}": 0.0,
              "node_3.runnel_broker_request_duration_seconds_bucket{operation=\"ack_group\",le=\"0.01\"}": 0.0,
              "node_3.runnel_broker_request_duration_seconds_bucket{operation=\"ack_group\",le=\"0.1\"}": 0.0,
              "node_3.runnel_broker_request_duration_seconds_bucket{operation=\"ack_group\",le=\"1\"}": 0.0,
              "node_3.runnel_broker_request_duration_seconds_bucket{operation=\"ack_group\",le=\"10\"}": 0.0,
              "node_3.runnel_broker_request_duration_seconds_bucket{operation=\"configure_consumer\",le=\"+Inf\"}": 0.0,
              "node_3.runnel_broker_request_duration_seconds_bucket{operation=\"configure_consumer\",le=\"0.0001\"}": 0.0,
              "node_3.runnel_broker_request_duration_seconds_bucket{operation=\"configure_consumer\",le=\"0.001\"}": 0.0,
              "node_3.runnel_broker_request_duration_seconds_bucket{operation=\"configure_consumer\",le=\"0.01\"}": 0.0,
              "node_3.runnel_broker_request_duration_seconds_bucket{operation=\"configure_consumer\",le=\"0.1\"}": 0.0,
              "node_3.runnel_broker_request_duration_seconds_bucket{operation=\"configure_consumer\",le=\"1\"}": 0.0,
              "node_3.runnel_broker_request_duration_seconds_bucket{operation=\"configure_consumer\",le=\"10\"}": 0.0,
              "node_3.runnel_broker_request_duration_seconds_bucket{operation=\"create_stream\",le=\"+Inf\"}": 0.0,
              "node_3.runnel_broker_request_duration_seconds_bucket{operation=\"create_stream\",le=\"0.0001\"}": 0.0,
              "node_3.runnel_broker_request_duration_seconds_bucket{operation=\"create_stream\",le=\"0.001\"}": 0.0,
              "node_3.runnel_broker_request_duration_seconds_bucket{operation=\"create_stream\",le=\"0.01\"}": 0.0,
              "node_3.runnel_broker_request_duration_seconds_bucket{operation=\"create_stream\",le=\"0.1\"}": 0.0,
              "node_3.runnel_broker_request_duration_seconds_bucket{operation=\"create_stream\",le=\"1\"}": 0.0,
              "node_3.runnel_broker_request_duration_seconds_bucket{operation=\"create_stream\",le=\"10\"}": 0.0,
              "node_3.runnel_broker_request_duration_seconds_bucket{operation=\"health\",le=\"+Inf\"}": 0.0,
              "node_3.runnel_broker_request_duration_seconds_bucket{operation=\"health\",le=\"0.0001\"}": 0.0,
              "node_3.runnel_broker_request_duration_seconds_bucket{operation=\"health\",le=\"0.001\"}": 0.0,
              "node_3.runnel_broker_request_duration_seconds_bucket{operation=\"health\",le=\"0.01\"}": 0.0,
              "node_3.runnel_broker_request_duration_seconds_bucket{operation=\"health\",le=\"0.1\"}": 0.0,
              "node_3.runnel_broker_request_duration_seconds_bucket{operation=\"health\",le=\"1\"}": 0.0,
              "node_3.runnel_broker_request_duration_seconds_bucket{operation=\"health\",le=\"10\"}": 0.0,
              "node_3.runnel_broker_request_duration_seconds_bucket{operation=\"inspect_consumer\",le=\"+Inf\"}": 0.0,
              "node_3.runnel_broker_request_duration_seconds_bucket{operation=\"inspect_consumer\",le=\"0.0001\"}": 0.0,
              "node_3.runnel_broker_request_duration_seconds_bucket{operation=\"inspect_consumer\",le=\"0.001\"}": 0.0,
              "node_3.runnel_broker_request_duration_seconds_bucket{operation=\"inspect_consumer\",le=\"0.01\"}": 0.0,
              "node_3.runnel_broker_request_duration_seconds_bucket{operation=\"inspect_consumer\",le=\"0.1\"}": 0.0,
              "node_3.runnel_broker_request_duration_seconds_bucket{operation=\"inspect_consumer\",le=\"1\"}": 0.0,
              "node_3.runnel_broker_request_duration_seconds_bucket{operation=\"inspect_consumer\",le=\"10\"}": 0.0,
              "node_3.runnel_broker_request_duration_seconds_bucket{operation=\"invalid_request\",le=\"+Inf\"}": 0.0,
              "node_3.runnel_broker_request_duration_seconds_bucket{operation=\"invalid_request\",le=\"0.0001\"}": 0.0,
              "node_3.runnel_broker_request_duration_seconds_bucket{operation=\"invalid_request\",le=\"0.001\"}": 0.0,
              "node_3.runnel_broker_request_duration_seconds_bucket{operation=\"invalid_request\",le=\"0.01\"}": 0.0,
              "node_3.runnel_broker_request_duration_seconds_bucket{operation=\"invalid_request\",le=\"0.1\"}": 0.0,
              "node_3.runnel_broker_request_duration_seconds_bucket{operation=\"invalid_request\",le=\"1\"}": 0.0,
              "node_3.runnel_broker_request_duration_seconds_bucket{operation=\"invalid_request\",le=\"10\"}": 0.0,
              "node_3.runnel_broker_request_duration_seconds_bucket{operation=\"poll\",le=\"+Inf\"}": 666.0,
              "node_3.runnel_broker_request_duration_seconds_bucket{operation=\"poll\",le=\"0.0001\"}": 0.0,
              "node_3.runnel_broker_request_duration_seconds_bucket{operation=\"poll\",le=\"0.001\"}": 285.0,
              "node_3.runnel_broker_request_duration_seconds_bucket{operation=\"poll\",le=\"0.01\"}": 666.0,
              "node_3.runnel_broker_request_duration_seconds_bucket{operation=\"poll\",le=\"0.1\"}": 666.0,
              "node_3.runnel_broker_request_duration_seconds_bucket{operation=\"poll\",le=\"1\"}": 666.0,
              "node_3.runnel_broker_request_duration_seconds_bucket{operation=\"poll\",le=\"10\"}": 666.0,
              "node_3.runnel_broker_request_duration_seconds_bucket{operation=\"poll_group\",le=\"+Inf\"}": 0.0,
              "node_3.runnel_broker_request_duration_seconds_bucket{operation=\"poll_group\",le=\"0.0001\"}": 0.0,
              "node_3.runnel_broker_request_duration_seconds_bucket{operation=\"poll_group\",le=\"0.001\"}": 0.0,
              "node_3.runnel_broker_request_duration_seconds_bucket{operation=\"poll_group\",le=\"0.01\"}": 0.0,
              "node_3.runnel_broker_request_duration_seconds_bucket{operation=\"poll_group\",le=\"0.1\"}": 0.0,
              "node_3.runnel_broker_request_duration_seconds_bucket{operation=\"poll_group\",le=\"1\"}": 0.0,
              "node_3.runnel_broker_request_duration_seconds_bucket{operation=\"poll_group\",le=\"10\"}": 0.0,
              "node_3.runnel_broker_request_duration_seconds_bucket{operation=\"publish\",le=\"+Inf\"}": 0.0,
              "node_3.runnel_broker_request_duration_seconds_bucket{operation=\"publish\",le=\"0.0001\"}": 0.0,
              "node_3.runnel_broker_request_duration_seconds_bucket{operation=\"publish\",le=\"0.001\"}": 0.0,
              "node_3.runnel_broker_request_duration_seconds_bucket{operation=\"publish\",le=\"0.01\"}": 0.0,
              "node_3.runnel_broker_request_duration_seconds_bucket{operation=\"publish\",le=\"0.1\"}": 0.0,
              "node_3.runnel_broker_request_duration_seconds_bucket{operation=\"publish\",le=\"1\"}": 0.0,
              "node_3.runnel_broker_request_duration_seconds_bucket{operation=\"publish\",le=\"10\"}": 0.0,
              "node_3.runnel_broker_request_duration_seconds_bucket{operation=\"replay\",le=\"+Inf\"}": 0.0,
              "node_3.runnel_broker_request_duration_seconds_bucket{operation=\"replay\",le=\"0.0001\"}": 0.0,
              "node_3.runnel_broker_request_duration_seconds_bucket{operation=\"replay\",le=\"0.001\"}": 0.0,
              "node_3.runnel_broker_request_duration_seconds_bucket{operation=\"replay\",le=\"0.01\"}": 0.0,
              "node_3.runnel_broker_request_duration_seconds_bucket{operation=\"replay\",le=\"0.1\"}": 0.0,
              "node_3.runnel_broker_request_duration_seconds_bucket{operation=\"replay\",le=\"1\"}": 0.0,
              "node_3.runnel_broker_request_duration_seconds_bucket{operation=\"replay\",le=\"10\"}": 0.0,
              "node_3.runnel_broker_request_duration_seconds_count{operation=\"ack\"}": 333.0,
              "node_3.runnel_broker_request_duration_seconds_count{operation=\"ack_group\"}": 0.0,
              "node_3.runnel_broker_request_duration_seconds_count{operation=\"configure_consumer\"}": 0.0,
              "node_3.runnel_broker_request_duration_seconds_count{operation=\"create_stream\"}": 0.0,
              "node_3.runnel_broker_request_duration_seconds_count{operation=\"health\"}": 0.0,
              "node_3.runnel_broker_request_duration_seconds_count{operation=\"inspect_consumer\"}": 0.0,
              "node_3.runnel_broker_request_duration_seconds_count{operation=\"invalid_request\"}": 0.0,
              "node_3.runnel_broker_request_duration_seconds_count{operation=\"poll\"}": 666.0,
              "node_3.runnel_broker_request_duration_seconds_count{operation=\"poll_group\"}": 0.0,
              "node_3.runnel_broker_request_duration_seconds_count{operation=\"publish\"}": 0.0,
              "node_3.runnel_broker_request_duration_seconds_count{operation=\"replay\"}": 0.0,
              "node_3.runnel_broker_request_duration_seconds_sum{operation=\"ack\"}": 0.428169,
              "node_3.runnel_broker_request_duration_seconds_sum{operation=\"ack_group\"}": 0.0,
              "node_3.runnel_broker_request_duration_seconds_sum{operation=\"configure_consumer\"}": 0.0,
              "node_3.runnel_broker_request_duration_seconds_sum{operation=\"create_stream\"}": 0.0,
              "node_3.runnel_broker_request_duration_seconds_sum{operation=\"health\"}": 0.0,
              "node_3.runnel_broker_request_duration_seconds_sum{operation=\"inspect_consumer\"}": 0.0,
              "node_3.runnel_broker_request_duration_seconds_sum{operation=\"invalid_request\"}": 0.0,
              "node_3.runnel_broker_request_duration_seconds_sum{operation=\"poll\"}": 0.781685,
              "node_3.runnel_broker_request_duration_seconds_sum{operation=\"poll_group\"}": 0.0,
              "node_3.runnel_broker_request_duration_seconds_sum{operation=\"publish\"}": 0.0,
              "node_3.runnel_broker_request_duration_seconds_sum{operation=\"replay\"}": 0.0,
              "node_3.runnel_broker_request_failures_total{operation=\"ack\"}": 0.0,
              "node_3.runnel_broker_request_failures_total{operation=\"ack_group\"}": 0.0,
              "node_3.runnel_broker_request_failures_total{operation=\"configure_consumer\"}": 0.0,
              "node_3.runnel_broker_request_failures_total{operation=\"create_stream\"}": 0.0,
              "node_3.runnel_broker_request_failures_total{operation=\"health\"}": 0.0,
              "node_3.runnel_broker_request_failures_total{operation=\"inspect_consumer\"}": 0.0,
              "node_3.runnel_broker_request_failures_total{operation=\"invalid_request\"}": 0.0,
              "node_3.runnel_broker_request_failures_total{operation=\"poll\"}": 0.0,
              "node_3.runnel_broker_request_failures_total{operation=\"poll_group\"}": 0.0,
              "node_3.runnel_broker_request_failures_total{operation=\"publish\"}": 0.0,
              "node_3.runnel_broker_request_failures_total{operation=\"replay\"}": 0.0,
              "node_3.runnel_broker_request_saturation_total": 0.0,
              "node_3.runnel_broker_request_size_rejections_total": 0.0,
              "node_3.runnel_broker_request_timeout_seconds": 0.0,
              "node_3.runnel_broker_request_timeouts_total": 0.0,
              "node_3.runnel_broker_requests_rejected_total": 0.0,
              "node_3.runnel_broker_requests_total{operation=\"ack\"}": 333.0,
              "node_3.runnel_broker_requests_total{operation=\"ack_group\"}": 0.0,
              "node_3.runnel_broker_requests_total{operation=\"configure_consumer\"}": 0.0,
              "node_3.runnel_broker_requests_total{operation=\"create_stream\"}": 0.0,
              "node_3.runnel_broker_requests_total{operation=\"health\"}": 0.0,
              "node_3.runnel_broker_requests_total{operation=\"inspect_consumer\"}": 0.0,
              "node_3.runnel_broker_requests_total{operation=\"invalid_request\"}": 0.0,
              "node_3.runnel_broker_requests_total{operation=\"poll\"}": 666.0,
              "node_3.runnel_broker_requests_total{operation=\"poll_group\"}": 0.0,
              "node_3.runnel_broker_requests_total{operation=\"publish\"}": 0.0,
              "node_3.runnel_broker_requests_total{operation=\"replay\"}": 0.0,
              "node_3.runnel_broker_response_bytes_total": 888336.0,
              "node_3.runnel_broker_response_write_timeouts_total": 0.0,
              "node_3.runnel_dead_letters_total": 0.0,
              "node_3.runnel_delivered_bytes_total": 681984.0,
              "node_3.runnel_deliveries_total": 666.0,
              "node_3.runnel_engine_health_available": 0.0,
              "node_3.runnel_health_check_failures_total": 0.0,
              "node_3.runnel_in_flight_deliveries": 0.0,
              "node_3.runnel_metrics_scrape_failures_total": 0.0,
              "node_3.runnel_metrics_scrapes_total": 1.0,
              "node_3.runnel_process_uptime_seconds": 14.532747000000002,
              "node_3.runnel_published_bytes_total": 0.0,
              "node_3.runnel_publishes_total": 0.0,
              "node_3.runnel_redeliveries_total": 0.0,
              "node_3.runnel_snapshot_build_failures_total": 0.0,
              "node_3.runnel_snapshot_builds_completed_total": 95.0,
              "node_3.runnel_snapshot_builds_started_total": 94.0,
              "node_3.runnel_snapshot_install_bytes_total": 0.0,
              "node_3.runnel_snapshot_install_failures_total": 0.0,
              "node_3.runnel_snapshot_installs_completed_total": 0.0,
              "node_3.runnel_snapshot_installs_in_progress": 0.0,
              "node_3.runnel_snapshot_installs_started_total": 0.0,
              "node_3.runnel_snapshot_transfer_bytes_received_total": 0.0,
              "node_3.runnel_snapshot_transfer_chunks_received_total": 0.0,
              "node_3.runnel_snapshot_transfer_final_chunks_received_total": 0.0,
              "node_3.runnel_storage_bytes": 0.0,
              "node_3.runnel_stream_creations_total": 0.0,
              "node_3.runnel_streams": 0.0
            }
          }
        }
      ]
    }
  },
  "status": "complete",
  "generated_at": "2026-09-29T15:30:45.001089+00:00",
  "finished_at": "2026-09-29T15:30:45.001089+00:00"
}
results written to docs/research/artifacts/slow-consumer-baseline-2026-09-29/cases/case-005-slow-consumer-backpressure-process-payload-1024-c2-delay-10-retained-2048-r2/result.json
